// Jest Snapshot v1, https://goo.gl/fbAQLP

exports[`Button Component Snapshot test for Header 1`] = `
<button
  className="sc-bdVaJa cOBoFD"
>
  Click me
</button>
`;
